[2026-07-28 01.51.54] [INFO] ============================================================
[2026-07-28 01.51.54] [INFO] ItemManager session started
[2026-07-28 01.51.54] [INFO] Log file: H:\Pelit\PotS_JASS\WC3_Database\WC3ItemManager\bin\Debug\net8.0-windows\logs\ItemManager_2026-07-28_015154.log
[2026-07-28 01.51.54] [INFO] ============================================================
[2026-07-28 01.51.54] [INFO] Loaded tooltip phrases: 6 rarities, 7 classes, 24 stats
[2026-07-28 02.25.09] [INFO] Updated item: i6ey - Magma Clam
[2026-07-28 02.28.09] [INFO] Updated item: i6ez - Arcane Pearl
[2026-07-28 02.28.39] [INFO] Updated item: i6ew - Felweed Bundle
[2026-07-28 02.29.00] [INFO] Updated item: i6er - Prismatic Shell
[2026-07-28 02.29.15] [INFO] Updated item: i6ex - Searing Eel
[2026-07-28 02.29.30] [INFO] Updated item: i6e5 - Fel-Touched Fish
[2026-07-28 02.29.38] [INFO] Updated item: i6e4 - Azurefin Minnow
[2026-07-28 02.29.46] [INFO] Updated item: i6e3 - Enchanted Seaweed
[2026-07-28 02.29.58] [INFO] Updated item: i6dz - Lavafin Snapper
[2026-07-28 02.30.07] [INFO] Updated item: i6eu - Drowned Sapphire
[2026-07-28 02.30.18] [INFO] Updated item: i6ev - Noxious Fin
[2026-07-28 02.30.31] [INFO] Updated item: i6eu - Drowned Sapphire
[2026-07-28 02.31.05] [INFO] Updated item: i6es - Driftwood Bundle
[2026-07-28 02.31.23] [INFO] Updated item: i6eq - Glowing Fish Scale
[2026-07-28 02.32.20] [INFO] Updated item: i6ep - Rusted Anchor Fragment
[2026-07-28 02.32.51] [INFO] Updated item: i6en - Stranglekelp Clump
[2026-07-28 02.33.50] [INFO] Updated item: i6em - Polished Pearl
[2026-07-28 02.34.33] [INFO] Batch updated 29 items (item_level, max_charges)
[2026-07-28 02.35.05] [INFO] Updated item: i6el - Shipwreck Debris
[2026-07-28 02.35.31] [INFO] Batch updated 8 items (item_level, max_charges)
[2026-07-28 02.36.03] [INFO] Updated item: i60z - Spring Water
[2026-07-28 02.36.32] [INFO] Updated item: i6dv - Firefin Oil
[2026-07-28 02.36.44] [INFO] Updated item: i6e1 - Pure Water Globule
[2026-07-28 02.37.10] [INFO] Batch updated 4 items (item_level, max_charges)
[2026-07-28 02.37.26] [INFO] Exported W3T file: H:\Pelit\PotS_JASS\WC3_Database\exports\ItemData_20260728_023725.w3t
[2026-07-28 02.37.29] [INFO] Exported DEquipment JASS file: H:\Pelit\PotS_JASS\WC3_Export\DEquipmentItemDefinitions\DEquipmentItemDefinitions_20260728-0237.j
