[2026-07-31 19.14.50] [INFO] ============================================================
[2026-07-31 19.14.50] [INFO] ItemManager session started
[2026-07-31 19.14.50] [INFO] Log file: H:\Pelit\PotS_JASS\WC3_Database\WC3ItemManager\bin\Debug\net8.0-windows\logs\ItemManager_2026-07-31_191450.log
[2026-07-31 19.14.50] [INFO] ============================================================
[2026-07-31 19.14.50] [INFO] Loaded tooltip phrases: 6 rarities, 7 classes, 24 stats
[2026-07-31 19.19.38] [INFO] Updated item: j4a9 - Empty Bottle
[2026-07-31 19.20.25] [INFO] Batch updated 54 items (item_level, max_stack)
[2026-07-31 19.21.37] [INFO] Updated item: j0c8 - Bear Fat Biscuit
[2026-07-31 19.21.48] [INFO] Updated item: j0c8 - Bear Fat Biscuit
[2026-07-31 19.23.49] [INFO] Updated item: j0c8 - Bear Fat Biscuit
[2026-07-31 19.24.10] [INFO] Updated item: j0c8 - Bear Fat Biscuit
[2026-07-31 19.24.24] [INFO] Updated item: j0c8 - Bear Fat Biscuit
[2026-07-31 19.26.40] [INFO] Updated item: j3b3 - Winter Squid Absinthe
[2026-07-31 19.26.49] [INFO] Updated item: j3b3 - Winter Squid Absinthe
[2026-07-31 19.26.57] [INFO] Updated item: j0c8 - Bear Fat Biscuit
[2026-07-31 19.28.34] [INFO] Updated item: i6b6 - Dented Shield
[2026-07-31 19.30.22] [INFO] Updated item: i66e - Wooden Shield
[2026-07-31 19.30.31] [INFO] Updated item: i6b6 - Dented Shield
[2026-07-31 19.30.58] [INFO] Deleted item: I6C3 - Water Shield
[2026-07-31 19.31.25] [INFO] Loot system exported: 7 tiers, 311 specific drops, 653 destructible drops
[2026-07-31 19.31.25] [INFO] Exported loot system to H:\Pelit\PotS_JASS\ItemLootSystems\ItemManagerExports
[2026-07-31 19.31.29] [INFO] Exported W3T file: H:\Pelit\PotS_JASS\WC3_Database\exports\ItemData_20260731_193128.w3t
[2026-07-31 19.31.32] [INFO] Exported DEquipment JASS file: H:\Pelit\PotS_JASS\WC3_Export\DEquipmentItemDefinitions\DEquipmentItemDefinitions_20260731-1931.j
