[2026-07-03 11.44.43] [INFO] ============================================================
[2026-07-03 11.44.43] [INFO] ItemManager session started
[2026-07-03 11.44.43] [INFO] Log file: H:\Pelit\PotS_JASS\WC3_Database\WC3ItemManager\bin\Debug\net8.0-windows\logs\ItemManager_2026-07-03_114443.log
[2026-07-03 11.44.43] [INFO] ============================================================
[2026-07-03 11.44.43] [INFO] Updated destructible: LTba
[2026-07-03 11.44.58] [INFO] Updated destructible: B001
[2026-07-03 11.45.02] [INFO] Updated destructible: B000
[2026-07-03 11.45.04] [INFO] Updated destructible: B002
[2026-07-03 11.45.08] [INFO] Updated destructible: B613
[2026-07-03 11.45.10] [INFO] Updated destructible: B61J
[2026-07-03 11.45.13] [INFO] Updated destructible: ATtc
[2026-07-03 11.45.15] [INFO] Updated destructible: ATtr
[2026-07-03 11.46.11] [INFO] Updated destructible: LTba
[2026-07-03 11.46.22] [INFO] Updated destructible: B61I
[2026-07-03 11.46.27] [INFO] Updated destructible: B61G
[2026-07-03 11.46.31] [INFO] Updated destructible: B61H
[2026-07-03 11.46.36] [INFO] Updated destructible: B61N
[2026-07-03 11.46.41] [INFO] Updated destructible: NTtw
[2026-07-03 11.46.44] [INFO] Updated destructible: OTsp
[2026-07-03 11.46.49] [INFO] Updated 8 destructibles
[2026-07-03 11.46.56] [INFO] Updated 49 destructibles
[2026-07-03 11.47.03] [INFO] Updated 4 destructibles
[2026-07-03 11.47.11] [INFO] Updated 5 destructibles
[2026-07-03 11.47.34] [INFO] Updated destructible: B01K
[2026-07-03 11.47.55] [INFO] Updated destructible: B01L
[2026-07-03 11.48.53] [INFO] Updated destructible: B61F
[2026-07-03 11.49.07] [INFO] Updated 24 destructibles
[2026-07-03 11.49.29] [INFO] Updated 4 destructibles
[2026-07-03 11.50.42] [INFO] Loot system exported: 7 tiers, 6 specific drops, 57 destructible drops
[2026-07-03 11.50.42] [INFO] Exported loot system to H:\Pelit\PotS_JASS\ItemLootSystems\ItemManagerExports
