[2026-07-26 17.24.23] [INFO] ============================================================
[2026-07-26 17.24.23] [INFO] ItemManager session started
[2026-07-26 17.24.23] [INFO] Log file: H:\Pelit\PotS_JASS\WC3_Database\WC3ItemManager\bin\Debug\net8.0-windows\logs\ItemManager_2026-07-26_172423.log
[2026-07-26 17.24.23] [INFO] ============================================================
[2026-07-26 17.24.23] [INFO] Loaded tooltip phrases: 6 rarities, 7 classes, 24 stats
[2026-07-26 17.24.44] [INFO] Updated item: i6cu - Raw Brilliant Smallfish
[2026-07-26 17.24.58] [INFO] Updated item: i6cv - Raw Slitherskin Mackerel
[2026-07-26 17.25.41] [INFO] Updated item: i6cw - Sickly Looking Fish
[2026-07-26 17.27.09] [INFO] Updated item: i6cx - Oily Blackmouth
[2026-07-26 17.28.02] [INFO] Updated item: i6cy - Raw Longjaw Mud Snapper
[2026-07-26 17.28.53] [INFO] Updated item: i6cz - Raw Rainbow Fin Albacore
[2026-07-26 17.29.46] [INFO] Updated item: i6d0 - Raw Bristle Whisker Catfish
[2026-07-26 17.30.22] [INFO] Updated item: i6d1 - Raw Loch Frenzy
[2026-07-26 17.31.05] [INFO] Updated item: i6d2 - Firefin Snapper
[2026-07-26 17.31.45] [INFO] Updated item: i6d3 - Deviate Fish
[2026-07-26 17.32.34] [INFO] Updated item: i6d4 - Raw Sagefish
[2026-07-26 17.33.15] [INFO] Updated item: i6d5 - Raw Greater Sagefish
[2026-07-26 17.33.54] [INFO] Updated item: i6d6 - Raw Rockscale Cod
[2026-07-26 17.34.41] [INFO] Updated item: i6d7 - Raw Mithril Head Trout
[2026-07-26 17.35.13] [INFO] Updated item: i6d8 - Raw Spotted Yellowtail
[2026-07-26 17.36.00] [INFO] Updated item: i6d9 - Raw Glossy Mightfish
[2026-07-26 17.36.35] [INFO] Updated item: i6da - Raw Redgill
[2026-07-26 17.37.18] [INFO] Updated item: i6db - Nightfin Snapper
[2026-07-26 17.37.55] [INFO] Updated item: i6dc - Sunscale Salmon
[2026-07-26 17.38.22] [INFO] Updated item: i6dd - Stonescale Eel
[2026-07-26 17.38.51] [INFO] Updated item: i6dg - Winter Squid
[2026-07-26 17.39.22] [INFO] Updated item: i6dh - Raw Summer Bass
[2026-07-26 17.40.01] [INFO] Updated item: i6de - Raw Whitescale Salmon
[2026-07-26 17.40.55] [INFO] Updated item: i6di - Raw Tigerseye Eel
[2026-07-26 17.41.14] [INFO] Updated item: i6dj - Barbed Gill Trout
[2026-07-26 17.41.32] [INFO] Updated item: i6df - Darkclaw Lobster
[2026-07-26 17.41.47] [INFO] Updated item: i6dk - Furious Crawdad
[2026-07-26 17.43.09] [INFO] Updated item: i6dl - 10 Pound Mud Snapper
[2026-07-26 17.43.20] [INFO] Updated item: i6dm - 12 Pound Mud Snapper
[2026-07-26 17.43.52] [INFO] Updated item: i6dl - 10 Pound Mud Snapper
[2026-07-26 17.44.19] [INFO] Updated item: i6dm - 12 Pound Mud Snapper
[2026-07-26 17.44.40] [INFO] Updated item: i6dn - 15 Pound Mud Snapper
[2026-07-26 17.45.17] [INFO] Updated item: i6do - 17 Pound Catfish
[2026-07-26 17.45.55] [INFO] Updated item: i6dp - 22 Pound Catfish
[2026-07-26 17.47.02] [INFO] Updated item: i6dq - 26 Pound Catfish
[2026-07-26 17.47.14] [INFO] Updated item: i6dp - 22 Pound Catfish
[2026-07-26 17.47.22] [INFO] Updated item: i6dn - 15 Pound Mud Snapper
[2026-07-26 17.48.00] [INFO] Updated item: i6dr - Steelscale Crushfish
[2026-07-26 17.49.04] [INFO] Updated item: i6dt - Dark Herring
